
Loading design for application trce from file obc_impl1.ncd.
Design name: top
NCD version: 3.3
Vendor:      LATTICE
Device:      LCMXO1200C
Package:     TQFP144
Performance: 3
Loading device for application trce from file 'mj5g17x12.nph' in environment: C:/Program Files/lscc/diamond/3.11_x64/ispfpga.
Package Status:                     Final          Version 1.19.
Performance Hardware Data Status: Version 1.94.
Setup and Hold Report

--------------------------------------------------------------------------------
Lattice TRACE Report - Setup, Version Diamond (64-bit) 3.11.0.396.4
Fri Feb 28 18:16:59 2020

Copyright (c) 1991-1994 by NeoCAD Inc. All rights reserved.
Copyright (c) 1995 AT&T Corp.   All rights reserved.
Copyright (c) 1995-2001 Lucent Technologies Inc.  All rights reserved.
Copyright (c) 2001 Agere Systems   All rights reserved.
Copyright (c) 2002-2019 Lattice Semiconductor Corporation,  All rights reserved.

Report Information
------------------
Command line:    trce -v 10 -gt -sethld -sp 3 -sphld m -o OBC_impl1.twr -gui -msgset C:/Users/yahya/Documents/GitHub/EE4951W/verilog - PWM generator/project/promote.xml OBC_impl1.ncd OBC_impl1.prf 
Design file:     obc_impl1.ncd
Preference file: obc_impl1.prf
Device,speed:    LCMXO1200C,3
Report level:    verbose report, limited to 10 items per preference
--------------------------------------------------------------------------------

BLOCK ASYNCPATHS
BLOCK RESETPATHS
--------------------------------------------------------------------------------



================================================================================
Preference: Default path enumeration
            0 items scored, 0 timing errors detected.
--------------------------------------------------------------------------------


================================================================================
Preference: Default net enumeration
            0 items scored, 0 timing errors detected.
--------------------------------------------------------------------------------

Report Summary
--------------
----------------------------------------------------------------------------
Preference                              |   Constraint|       Actual|Levels
----------------------------------------------------------------------------
                                        |             |             |
Default path enumeration                |            -|            -|   0  
                                        |             |             |
Default net enumeration                 |            -|            -|   0  
                                        |             |             |
----------------------------------------------------------------------------


All preferences were met.


Clock Domains Analysis
------------------------

Found 0 clocks:


Timing summary (Setup):
---------------

Timing errors: 0  Score: 0
Cumulative negative slack: 0

Constraints cover 0 paths, 0 nets, and 0 connections (100.00% coverage)

--------------------------------------------------------------------------------

